// Jest Snapshot v1, https://goo.gl/fbAQLP

exports[`<Header /> should render title and nav as expected 1`] = `
<header
  className="heading"
>
  <div
    className="container"
  >
    <h1
      className="title"
    >
      <Link
        className="link"
        replace={false}
        to="/"
      >
        Aletta
      </Link>
    </h1>
    <nav>
      <ul
        className="list"
      >
        <li
          className="listItem"
        >
          <Link
            className="link"
            replace={false}
            to="/posts"
          >
            Posts
          </Link>
        </li>
        <li
          className="listItem"
        >
          <Link
            className="link"
            replace={false}
            to="/about"
          >
            About
          </Link>
        </li>
      </ul>
    </nav>
  </div>
</header>
`;
