// Jest Snapshot v1, https://goo.gl/fbAQLP

exports[`<About /> should render title and paragraph as expected 1`] = `
<div>
  <h1
    className="title"
  >
    Hi, I am Yannick
  </h1>
  <p
    className="content"
  >
    This section is all about me, yay!
  </p>
</div>
`;
